TF_ACC=True go test -v ./...
?   	terraform-provider-setup	[no test files]
=== RUN   TestFileResource
=== RUN   TestFileResource/Test_create
    ssh_test_server.go:79: Creating ssh key
    ssh_test_server.go:100: Created ssh key /tmp/key212868719
    ssh_test_server.go:115: Building image test/ljlidpfyed
{"stream":"Step 1/12 : FROM ubuntu:latest"}
{"stream":"\n"}
{"stream":" ---\u003e c3d1a3432580\n"}
{"stream":"Step 2/12 : RUN apt-get update \u0026\u0026     apt-get install -y ssh lsof \u0026\u0026     apt-get clean"}
{"stream":"\n"}
{"stream":" ---\u003e Using cache\n"}
{"stream":" ---\u003e f823e8db9b0f\n"}
{"stream":"Step 3/12 : RUN useradd -ms /bin/bash test"}
{"stream":"\n"}
{"stream":" ---\u003e Using cache\n"}
{"stream":" ---\u003e 01bc97947d0a\n"}
{"stream":"Step 4/12 : RUN echo \"test:pass\" | chpasswd"}
{"stream":"\n"}
{"stream":" ---\u003e Using cache\n"}
{"stream":" ---\u003e 5f9b03119177\n"}
{"stream":"Step 5/12 : RUN sed -i 's/#PasswordAuthentication yes/PasswordAuthentication yes/' /etc/ssh/sshd_config"}
{"stream":"\n"}
{"stream":" ---\u003e Using cache\n"}
{"stream":" ---\u003e 2914b7c512a2\n"}
{"stream":"Step 6/12 : RUN mkdir /run/sshd"}
{"stream":"\n"}
{"stream":" ---\u003e Using cache\n"}
{"stream":" ---\u003e e22f155bb5a3\n"}
{"stream":"Step 7/12 : RUN apt install sudo -y"}
{"stream":"\n"}
{"stream":" ---\u003e Using cache\n"}
{"stream":" ---\u003e 1be0fa07ad8b\n"}
{"stream":"Step 8/12 : RUN echo \"test ALL=(ALL) NOPASSWD: ALL\" \u003e\u003e /etc/sudoers"}
{"stream":"\n"}
{"stream":" ---\u003e Using cache\n"}
{"stream":" ---\u003e 283db5268b23\n"}
{"stream":"Step 9/12 : COPY ./main.sh /app/main.sh"}
{"stream":"\n"}
{"stream":" ---\u003e Using cache\n"}
{"stream":" ---\u003e d45eb99ac1b0\n"}
{"stream":"Step 10/12 : EXPOSE 22"}
{"stream":"\n"}
{"stream":" ---\u003e Using cache\n"}
{"stream":" ---\u003e a7438fc20280\n"}
{"stream":"Step 11/12 : RUN apt-get update \u0026\u0026     apt-get install -y vlc"}
{"stream":"\n"}
{"stream":" ---\u003e Using cache\n"}
{"stream":" ---\u003e 257d8fa213b2\n"}
{"stream":"Step 12/12 : ENTRYPOINT  [\"/app/main.sh\"]"}
{"stream":"\n"}
{"stream":" ---\u003e Running in 578bb483d595\n"}
{"stream":" ---\u003e Removed intermediate container 578bb483d595\n"}
{"stream":" ---\u003e 6c375149ae9a\n"}
{"aux":{"ID":"sha256:6c375149ae9a45ec8432de6dd770a670a358d88cbfd3a9185207adf6707c83d8"}}
{"stream":"Successfully built 6c375149ae9a\n"}
{"stream":"Successfully tagged test/ljlidpfyed:latest\n"}
    ssh_test_server.go:139: Built image sha256:6c375149ae9a45ec8432de6dd770a670a358d88cbfd3a9185207adf6707c83d8
    ssh_test_server.go:141: Creating container from image test/ljlidpfyed
    ssh_test_server.go:152: Using port 46385
    ssh_test_server.go:171: Created container bc9c28f05eb76f87d4119d754bf0b4bb219aeaf0361c6943e7dcb1e9465fcdc7
    ssh_test_server.go:173: Starting container bc9c28f05eb76f87d4119d754bf0b4bb219aeaf0361c6943e7dcb1e9465fcdc7
    ssh_test_server.go:179: Started container bc9c28f05eb76f87d4119d754bf0b4bb219aeaf0361c6943e7dcb1e9465fcdc7
    ssh_test_server.go:181: waiting for container to start
      Writing authorized_keys
      &Server listening on 0.0.0.0 port 22.
      !Server listening on :: port 22.
      uAccepted publickey for test from 172.18.0.1 port 44442 ssh2: RSA SHA256:R4m6zWCUrjn4xbXik1zKusN6Ip0MnrSKxp6QAGuuPd8
      uAccepted publickey for test from 172.18.0.1 port 44446 ssh2: RSA SHA256:R4m6zWCUrjn4xbXik1zKusN6Ip0MnrSKxp6QAGuuPd8
      uAccepted publickey for test from 172.18.0.1 port 44458 ssh2: RSA SHA256:R4m6zWCUrjn4xbXik1zKusN6Ip0MnrSKxp6QAGuuPd8
      uAccepted publickey for test from 172.18.0.1 port 44466 ssh2: RSA SHA256:R4m6zWCUrjn4xbXik1zKusN6Ip0MnrSKxp6QAGuuPd8
      uAccepted publickey for test from 172.18.0.1 port 44476 ssh2: RSA SHA256:R4m6zWCUrjn4xbXik1zKusN6Ip0MnrSKxp6QAGuuPd8
    file_resource_test.go:35: Step 2/2 error: Error running pre-apply plan: exit status 1
        
        Error: Failed to create SSH client
        
          with provider["registry.terraform.io/hashicorp/setup"],
          on terraform_plugin_test.tf line 12, in provider "setup":
          12: provider "setup" {
        
        failed to dial localhost:2225: dial tcp [::1]:2225: connect: connection
        refused
    panic.go:631: Error running post-test destroy, there may be dangling resources: exit status 1
        
        Error: Failed to create SSH client
        
          with provider["registry.terraform.io/hashicorp/setup"],
          on terraform_plugin_test.tf line 12, in provider "setup":
          12: provider "setup" {
        
        failed to dial localhost:2225: dial tcp [::1]:2225: connect: connection
        refused
    ssh_test_server.go:212: Stopping container bc9c28f05eb76f87d4119d754bf0b4bb219aeaf0361c6943e7dcb1e9465fcdc7
      "Received signal 15; terminating.
    ssh_test_server.go:218: Stopped container bc9c28f05eb76f87d4119d754bf0b4bb219aeaf0361c6943e7dcb1e9465fcdc7
    ssh_test_server.go:220: Removing container bc9c28f05eb76f87d4119d754bf0b4bb219aeaf0361c6943e7dcb1e9465fcdc7
    ssh_test_server.go:226: Removed container bc9c28f05eb76f87d4119d754bf0b4bb219aeaf0361c6943e7dcb1e9465fcdc7
    ssh_test_server.go:228: Removing image test/ljlidpfyed
    ssh_test_server.go:234: Removed image test/ljlidpfyed
--- FAIL: TestFileResource (1.85s)
    --- FAIL: TestFileResource/Test_create (1.85s)
FAIL
FAIL	terraform-provider-setup/internal/provider	1.852s
=== RUN   TestWriteFile
=== RUN   TestWriteFile/successful_file_write
--- PASS: TestWriteFile (0.00s)
    --- PASS: TestWriteFile/successful_file_write (0.00s)
=== RUN   TestSshRunCommand
=== RUN   TestSshRunCommand/successful_command_execution_with_pricate_key
    ssh_test_server.go:79: Creating ssh key
    ssh_test_server.go:100: Created ssh key /tmp/key1855435142
    ssh_test_server.go:115: Building image test/bwihrjxomm
{"stream":"Step 1/12 : FROM ubuntu:latest"}
{"stream":"\n"}
{"stream":" ---\u003e c3d1a3432580\n"}
{"stream":"Step 2/12 : RUN apt-get update \u0026\u0026     apt-get install -y ssh lsof \u0026\u0026     apt-get clean"}
{"stream":"\n"}
{"stream":" ---\u003e Using cache\n"}
{"stream":" ---\u003e f823e8db9b0f\n"}
{"stream":"Step 3/12 : RUN useradd -ms /bin/bash test"}
{"stream":"\n"}
{"stream":" ---\u003e Using cache\n"}
{"stream":" ---\u003e 01bc97947d0a\n"}
{"stream":"Step 4/12 : RUN echo \"test:pass\" | chpasswd"}
{"stream":"\n"}
{"stream":" ---\u003e Using cache\n"}
{"stream":" ---\u003e 5f9b03119177\n"}
{"stream":"Step 5/12 : RUN sed -i 's/#PasswordAuthentication yes/PasswordAuthentication yes/' /etc/ssh/sshd_config"}
{"stream":"\n"}
{"stream":" ---\u003e Using cache\n"}
{"stream":" ---\u003e 2914b7c512a2\n"}
{"stream":"Step 6/12 : RUN mkdir /run/sshd"}
{"stream":"\n"}
{"stream":" ---\u003e Using cache\n"}
{"stream":" ---\u003e e22f155bb5a3\n"}
{"stream":"Step 7/12 : RUN apt install sudo -y"}
{"stream":"\n"}
{"stream":" ---\u003e Using cache\n"}
{"stream":" ---\u003e 1be0fa07ad8b\n"}
{"stream":"Step 8/12 : RUN echo \"test ALL=(ALL) NOPASSWD: ALL\" \u003e\u003e /etc/sudoers"}
{"stream":"\n"}
{"stream":" ---\u003e Using cache\n"}
{"stream":" ---\u003e 283db5268b23\n"}
{"stream":"Step 9/12 : COPY ./main.sh /app/main.sh"}
{"stream":"\n"}
{"stream":" ---\u003e Using cache\n"}
{"stream":" ---\u003e d45eb99ac1b0\n"}
{"stream":"Step 10/12 : EXPOSE 22"}
{"stream":"\n"}
{"stream":" ---\u003e Using cache\n"}
{"stream":" ---\u003e a7438fc20280\n"}
{"stream":"Step 11/12 : RUN apt-get update \u0026\u0026     apt-get install -y vlc"}
{"stream":"\n"}
{"stream":" ---\u003e Using cache\n"}
{"stream":" ---\u003e 257d8fa213b2\n"}
{"stream":"Step 12/12 : ENTRYPOINT  [\"/app/main.sh\"]"}
{"stream":"\n"}
{"stream":" ---\u003e Using cache\n"}
{"stream":" ---\u003e 6c375149ae9a\n"}
{"aux":{"ID":"sha256:6c375149ae9a45ec8432de6dd770a670a358d88cbfd3a9185207adf6707c83d8"}}
{"stream":"Successfully built 6c375149ae9a\n"}
{"stream":"Successfully tagged test/bwihrjxomm:latest\n"}
    ssh_test_server.go:139: Built image sha256:6c375149ae9a45ec8432de6dd770a670a358d88cbfd3a9185207adf6707c83d8
    ssh_test_server.go:141: Creating container from image test/bwihrjxomm
    ssh_test_server.go:152: Using port 46109
    ssh_test_server.go:171: Created container 74cdd163cd5897d5c06111aaa9592dd622a9eb30e5b94b2c3908605127787550
    ssh_test_server.go:173: Starting container 74cdd163cd5897d5c06111aaa9592dd622a9eb30e5b94b2c3908605127787550
    ssh_test_server.go:179: Started container 74cdd163cd5897d5c06111aaa9592dd622a9eb30e5b94b2c3908605127787550
    ssh_test_server.go:181: waiting for container to start
      Writing authorized_keys
      &Server listening on 0.0.0.0 port 22.
      !Server listening on :: port 22.
      uAccepted publickey for test from 172.18.0.1 port 59722 ssh2: RSA SHA256:oTCEG3Y4B9lfXDRvVLI1BUn5P6dKNt5o6XqqIPY+NiY
    ssh_test_server.go:212: Stopping container 74cdd163cd5897d5c06111aaa9592dd622a9eb30e5b94b2c3908605127787550
      "Received signal 15; terminating.
    ssh_test_server.go:218: Stopped container 74cdd163cd5897d5c06111aaa9592dd622a9eb30e5b94b2c3908605127787550
    ssh_test_server.go:220: Removing container 74cdd163cd5897d5c06111aaa9592dd622a9eb30e5b94b2c3908605127787550
    ssh_test_server.go:226: Removed container 74cdd163cd5897d5c06111aaa9592dd622a9eb30e5b94b2c3908605127787550
    ssh_test_server.go:228: Removing image test/bwihrjxomm
    ssh_test_server.go:234: Removed image test/bwihrjxomm
=== RUN   TestSshRunCommand/successful_command_execution_with_ssh_agent
    ssh_test_server.go:79: Creating ssh key
    ssh_test_server.go:100: Created ssh key /tmp/key2797845229
    ssh_test_server.go:51: Started ssh agent with PID 62078
    ssh_test_server.go:53: Adding key to ssh agent
    ssh_test_server.go:115: Building image test/idvaxqxdxy
{"stream":"Step 1/12 : FROM ubuntu:latest"}
{"stream":"\n"}
{"stream":" ---\u003e c3d1a3432580\n"}
{"stream":"Step 2/12 : RUN apt-get update \u0026\u0026     apt-get install -y ssh lsof \u0026\u0026     apt-get clean"}
{"stream":"\n"}
{"stream":" ---\u003e Using cache\n"}
{"stream":" ---\u003e f823e8db9b0f\n"}
{"stream":"Step 3/12 : RUN useradd -ms /bin/bash test"}
{"stream":"\n"}
{"stream":" ---\u003e Using cache\n"}
{"stream":" ---\u003e 01bc97947d0a\n"}
{"stream":"Step 4/12 : RUN echo \"test:pass\" | chpasswd"}
{"stream":"\n"}
{"stream":" ---\u003e Using cache\n"}
{"stream":" ---\u003e 5f9b03119177\n"}
{"stream":"Step 5/12 : RUN sed -i 's/#PasswordAuthentication yes/PasswordAuthentication yes/' /etc/ssh/sshd_config"}
{"stream":"\n"}
{"stream":" ---\u003e Using cache\n"}
{"stream":" ---\u003e 2914b7c512a2\n"}
{"stream":"Step 6/12 : RUN mkdir /run/sshd"}
{"stream":"\n"}
{"stream":" ---\u003e Using cache\n"}
{"stream":" ---\u003e e22f155bb5a3\n"}
{"stream":"Step 7/12 : RUN apt install sudo -y"}
{"stream":"\n"}
{"stream":" ---\u003e Using cache\n"}
{"stream":" ---\u003e 1be0fa07ad8b\n"}
{"stream":"Step 8/12 : RUN echo \"test ALL=(ALL) NOPASSWD: ALL\" \u003e\u003e /etc/sudoers"}
{"stream":"\n"}
{"stream":" ---\u003e Using cache\n"}
{"stream":" ---\u003e 283db5268b23\n"}
{"stream":"Step 9/12 : COPY ./main.sh /app/main.sh"}
{"stream":"\n"}
{"stream":" ---\u003e Using cache\n"}
{"stream":" ---\u003e d45eb99ac1b0\n"}
{"stream":"Step 10/12 : EXPOSE 22"}
{"stream":"\n"}
{"stream":" ---\u003e Using cache\n"}
{"stream":" ---\u003e a7438fc20280\n"}
{"stream":"Step 11/12 : RUN apt-get update \u0026\u0026     apt-get install -y vlc"}
{"stream":"\n"}
{"stream":" ---\u003e Using cache\n"}
{"stream":" ---\u003e 257d8fa213b2\n"}
{"stream":"Step 12/12 : ENTRYPOINT  [\"/app/main.sh\"]"}
{"stream":"\n"}
{"stream":" ---\u003e Running in 0c3d46c4fa9f\n"}
{"stream":" ---\u003e Removed intermediate container 0c3d46c4fa9f\n"}
{"stream":" ---\u003e 9a6c2fc8fd78\n"}
{"aux":{"ID":"sha256:9a6c2fc8fd78cae4bb3e782b77abee2e1ed29735ca68a23975eb5e908ee7352a"}}
{"stream":"Successfully built 9a6c2fc8fd78\n"}
{"stream":"Successfully tagged test/idvaxqxdxy:latest\n"}
    ssh_test_server.go:139: Built image sha256:9a6c2fc8fd78cae4bb3e782b77abee2e1ed29735ca68a23975eb5e908ee7352a
    ssh_test_server.go:141: Creating container from image test/idvaxqxdxy
    ssh_test_server.go:152: Using port 44499
    ssh_test_server.go:171: Created container 8344b1a88e496855f4f3685dd4b15b649e85b9859e8240de2061d462e11c8614
    ssh_test_server.go:173: Starting container 8344b1a88e496855f4f3685dd4b15b649e85b9859e8240de2061d462e11c8614
    ssh_test_server.go:179: Started container 8344b1a88e496855f4f3685dd4b15b649e85b9859e8240de2061d462e11c8614
    ssh_test_server.go:181: waiting for container to start
    ssh_machine_access_client_test.go:72: failed to dial localhost:44499: ssh: handshake failed: read tcp 127.0.0.1:35246->127.0.0.1:44499: read: connection reset by peer
    ssh_test_server.go:212: Stopping container 8344b1a88e496855f4f3685dd4b15b649e85b9859e8240de2061d462e11c8614
      Writing authorized_keys
      &Server listening on 0.0.0.0 port 22.
      !Server listening on :: port 22.
      "Received signal 15; terminating.
    ssh_test_server.go:218: Stopped container 8344b1a88e496855f4f3685dd4b15b649e85b9859e8240de2061d462e11c8614
    ssh_test_server.go:220: Removing container 8344b1a88e496855f4f3685dd4b15b649e85b9859e8240de2061d462e11c8614
    ssh_test_server.go:226: Removed container 8344b1a88e496855f4f3685dd4b15b649e85b9859e8240de2061d462e11c8614
    ssh_test_server.go:228: Removing image test/idvaxqxdxy
    ssh_test_server.go:234: Removed image test/idvaxqxdxy
--- FAIL: TestSshRunCommand (2.50s)
    --- PASS: TestSshRunCommand/successful_command_execution_with_pricate_key (1.73s)
    --- FAIL: TestSshRunCommand/successful_command_execution_with_ssh_agent (0.77s)
FAIL
FAIL	terraform-provider-setup/internal/provider/clients	2.508s
FAIL
